// Jest Snapshot v1, https://goo.gl/fbAQLP

exports[`Home render 1`] = `
<ProductList
  fetchMoreProducts={[Function]}
  isDrink={[Function]}
  isLoading={false}
  products={Array []}
  reload={[Function]}
  resetAuthData={[Function]}
/>
`;
