// Jest Snapshot v1, https://goo.gl/fbAQLP

exports[`Home render 1`] = `
<ProductList
  deleteProduct={[Function]}
  fetchMoreProducts={[Function]}
  isLoading={false}
  navigateToProduct={[Function]}
  products={Array []}
  reload={[Function]}
  resetAuthData={[Function]}
/>
`;
